
*** Running vivado
    with args -log rom_twiddle_top.vds -m64 -product Vivado -mode batch -messageDb vivado.pb -notrace -source rom_twiddle_top.tcl



****** Vivado v2025.1 (64-bit)
  **** SW Build 6140274 on Thu May 22 00:12:29 MDT 2025
  **** IP Build 6138677 on Thu May 22 03:10:11 MDT 2025
  **** SharedData Build 6139179 on Tue May 20 17:58:58 MDT 2025
  **** Start of session at: Tue Nov 11 07:57:43 2025
    ** Copyright 1986-2022 Xilinx, Inc. All Rights Reserved.
    ** Copyright 2022-2025 Advanced Micro Devices, Inc. All Rights Reserved.

source rom_twiddle_top.tcl -notrace
create_project: Time (s): cpu = 00:00:10 ; elapsed = 00:00:07 . Memory (MB): peak = 599.996 ; gain = 214.664
Command: read_checkpoint -auto_incremental -incremental {D:/CACMONDAICUONG/HK251/DAN TKLL/FFT_Convolution/ROM_Twiddle_Factor/ROM_Twiddle_Factor/ROM_Twiddle_Factor.srcs/utils_1/imports/synth_1/rom_twiddle_top.dcp}
INFO: [Vivado 12-5825] Read reference checkpoint from D:/CACMONDAICUONG/HK251/DAN TKLL/FFT_Convolution/ROM_Twiddle_Factor/ROM_Twiddle_Factor/ROM_Twiddle_Factor.srcs/utils_1/imports/synth_1/rom_twiddle_top.dcp for incremental synthesis
INFO: [Vivado 12-7989] Please ensure there are no constraint changes
Command: synth_design -top rom_twiddle_top -part xc7z020clg400-1
Starting synth_design
Attempting to get a license for feature 'Synthesis' and/or device 'xc7z020'
INFO: [Common 17-349] Got license for feature 'Synthesis' and/or device 'xc7z020'
INFO: [Designutils 20-5440] No compile time benefit to using incremental synthesis; A full resynthesis will be run
INFO: [Designutils 20-4379] Flow is switching to default flow due to incremental criteria not met. If you would like to alter this behaviour and have the flow terminate instead, please set the following parameter config_implementation {autoIncr.Synth.RejectBehavior Terminate}
INFO: [Synth 8-7079] Multithreading enabled for synth_design using a maximum of 2 processes.
INFO: [Synth 8-7078] Launching helper process for spawning children vivado processes
INFO: [Synth 8-7075] Helper process launched with PID 3080
---------------------------------------------------------------------------------
Starting Synthesize : Time (s): cpu = 00:00:05 ; elapsed = 00:00:06 . Memory (MB): peak = 1111.934 ; gain = 494.738
---------------------------------------------------------------------------------
INFO: [Synth 8-6157] synthesizing module 'rom_twiddle_top' [D:/CACMONDAICUONG/HK251/DAN TKLL/FFT_Convolution/ROM_Twiddle_Factor/ROM_Twiddle_Factor/ROM_Twiddle_Factor.srcs/sources_1/new/rom_twiddle_top.v:31]
INFO: [Synth 8-6157] synthesizing module 'mux_addr' [D:/CACMONDAICUONG/HK251/DAN TKLL/FFT_Convolution/ROM_Twiddle_Factor/ROM_Twiddle_Factor/ROM_Twiddle_Factor.srcs/sources_1/new/mux_addr.v:23]
INFO: [Synth 8-6155] done synthesizing module 'mux_addr' (0#1) [D:/CACMONDAICUONG/HK251/DAN TKLL/FFT_Convolution/ROM_Twiddle_Factor/ROM_Twiddle_Factor/ROM_Twiddle_Factor.srcs/sources_1/new/mux_addr.v:23]
INFO: [Synth 8-6157] synthesizing module 'rom_twiddle' [D:/CACMONDAICUONG/HK251/DAN TKLL/FFT_Convolution/ROM_Twiddle_Factor/ROM_Twiddle_Factor/ROM_Twiddle_Factor.srcs/sources_1/new/rom_twiddle.v:23]
INFO: [Synth 8-251] Loading twiddle factor ROM data... [D:/CACMONDAICUONG/HK251/DAN TKLL/FFT_Convolution/ROM_Twiddle_Factor/ROM_Twiddle_Factor/ROM_Twiddle_Factor.srcs/sources_1/new/rom_twiddle.v:37]
INFO: [Synth 8-3876] $readmem data file 'cos_rom_256_oct0.data' is read successfully [D:/CACMONDAICUONG/HK251/DAN TKLL/FFT_Convolution/ROM_Twiddle_Factor/ROM_Twiddle_Factor/ROM_Twiddle_Factor.srcs/sources_1/new/rom_twiddle.v:38]
INFO: [Synth 8-3876] $readmem data file 'sin_rom_256_oct0.data' is read successfully [D:/CACMONDAICUONG/HK251/DAN TKLL/FFT_Convolution/ROM_Twiddle_Factor/ROM_Twiddle_Factor/ROM_Twiddle_Factor.srcs/sources_1/new/rom_twiddle.v:39]
INFO: [Synth 8-251] ROM data successfully loaded xxxxxxxx [D:/CACMONDAICUONG/HK251/DAN TKLL/FFT_Convolution/ROM_Twiddle_Factor/ROM_Twiddle_Factor/ROM_Twiddle_Factor.srcs/sources_1/new/rom_twiddle.v:40]
INFO: [Synth 8-251] ROM data successfully loaded. [D:/CACMONDAICUONG/HK251/DAN TKLL/FFT_Convolution/ROM_Twiddle_Factor/ROM_Twiddle_Factor/ROM_Twiddle_Factor.srcs/sources_1/new/rom_twiddle.v:41]
INFO: [Synth 8-6155] done synthesizing module 'rom_twiddle' (0#1) [D:/CACMONDAICUONG/HK251/DAN TKLL/FFT_Convolution/ROM_Twiddle_Factor/ROM_Twiddle_Factor/ROM_Twiddle_Factor.srcs/sources_1/new/rom_twiddle.v:23]
INFO: [Synth 8-6157] synthesizing module 'inv_uint' [D:/CACMONDAICUONG/HK251/DAN TKLL/FFT_Convolution/ROM_Twiddle_Factor/ROM_Twiddle_Factor/ROM_Twiddle_Factor.srcs/sources_1/new/inv_uint.v:23]
INFO: [Synth 8-6155] done synthesizing module 'inv_uint' (0#1) [D:/CACMONDAICUONG/HK251/DAN TKLL/FFT_Convolution/ROM_Twiddle_Factor/ROM_Twiddle_Factor/ROM_Twiddle_Factor.srcs/sources_1/new/inv_uint.v:23]
INFO: [Synth 8-6157] synthesizing module 'mux_output' [D:/CACMONDAICUONG/HK251/DAN TKLL/FFT_Convolution/ROM_Twiddle_Factor/ROM_Twiddle_Factor/ROM_Twiddle_Factor.srcs/sources_1/new/mux_ouput.v:23]
INFO: [Synth 8-6155] done synthesizing module 'mux_output' (0#1) [D:/CACMONDAICUONG/HK251/DAN TKLL/FFT_Convolution/ROM_Twiddle_Factor/ROM_Twiddle_Factor/ROM_Twiddle_Factor.srcs/sources_1/new/mux_ouput.v:23]
INFO: [Synth 8-6155] done synthesizing module 'rom_twiddle_top' (0#1) [D:/CACMONDAICUONG/HK251/DAN TKLL/FFT_Convolution/ROM_Twiddle_Factor/ROM_Twiddle_Factor/ROM_Twiddle_Factor.srcs/sources_1/new/rom_twiddle_top.v:31]
---------------------------------------------------------------------------------
Finished Synthesize : Time (s): cpu = 00:00:07 ; elapsed = 00:00:07 . Memory (MB): peak = 1217.645 ; gain = 600.449
---------------------------------------------------------------------------------
---------------------------------------------------------------------------------
Finished Constraint Validation : Time (s): cpu = 00:00:07 ; elapsed = 00:00:08 . Memory (MB): peak = 1217.645 ; gain = 600.449
---------------------------------------------------------------------------------
---------------------------------------------------------------------------------
Start Loading Part and Timing Information
---------------------------------------------------------------------------------
Loading part: xc7z020clg400-1
INFO: [Device 21-403] Loading part xc7z020clg400-1
---------------------------------------------------------------------------------
Finished Loading Part and Timing Information : Time (s): cpu = 00:00:07 ; elapsed = 00:00:08 . Memory (MB): peak = 1217.645 ; gain = 600.449
---------------------------------------------------------------------------------
WARNING: [Synth 8-327] inferring latch for variable 'tw_factor_reg' [D:/CACMONDAICUONG/HK251/DAN TKLL/FFT_Convolution/ROM_Twiddle_Factor/ROM_Twiddle_Factor/ROM_Twiddle_Factor.srcs/sources_1/new/rom_twiddle_top.v:106]
---------------------------------------------------------------------------------
Finished RTL Optimization Phase 2 : Time (s): cpu = 00:00:08 ; elapsed = 00:00:08 . Memory (MB): peak = 1217.645 ; gain = 600.449
---------------------------------------------------------------------------------
No constraint files found.
---------------------------------------------------------------------------------
Start RTL Component Statistics 
---------------------------------------------------------------------------------
Detailed RTL Component Info : 
+---Adders : 
	   2 Input    5 Bit       Adders := 1     
+---Muxes : 
	   2 Input   64 Bit        Muxes := 1     
	   8 Input   32 Bit        Muxes := 2     
	   2 Input    5 Bit        Muxes := 1     
---------------------------------------------------------------------------------
Finished RTL Component Statistics 
---------------------------------------------------------------------------------
---------------------------------------------------------------------------------
Start Part Resource Summary
---------------------------------------------------------------------------------
Part Resources:
DSPs: 220 (col length:60)
BRAMs: 280 (col length: RAMB18 60 RAMB36 30)
---------------------------------------------------------------------------------
Finished Part Resource Summary
---------------------------------------------------------------------------------
No constraint files found.
---------------------------------------------------------------------------------
Start Cross Boundary and Area Optimization
---------------------------------------------------------------------------------
WARNING: [Synth 8-7080] Parallel synthesis criteria is not met
WARNING: [Synth 8-3332] Sequential element (tw_factor_reg[62]) is unused and will be removed from module rom_twiddle_top.
---------------------------------------------------------------------------------
Finished Cross Boundary and Area Optimization : Time (s): cpu = 00:00:12 ; elapsed = 00:00:13 . Memory (MB): peak = 1449.422 ; gain = 832.227
---------------------------------------------------------------------------------
---------------------------------------------------------------------------------
Start ROM, RAM, DSP, Shift Register and Retiming Reporting
---------------------------------------------------------------------------------

ROM: Preliminary Mapping Report
+----------------+------------+---------------+----------------+
|Module Name     | RTL Object | Depth x Width | Implemented As | 
+----------------+------------+---------------+----------------+
|rom_twiddle     | COS_LUT    | 32x26         | LUT            | 
|rom_twiddle     | SIN_LUT    | 32x28         | LUT            | 
|rom_twiddle_top | p_0_out    | 32x26         | LUT            | 
|rom_twiddle_top | p_0_out    | 32x28         | LUT            | 
+----------------+------------+---------------+----------------+

---------------------------------------------------------------------------------
Finished ROM, RAM, DSP, Shift Register and Retiming Reporting
---------------------------------------------------------------------------------
No constraint files found.
---------------------------------------------------------------------------------
Start Timing Optimization
---------------------------------------------------------------------------------
---------------------------------------------------------------------------------
Finished Timing Optimization : Time (s): cpu = 00:00:12 ; elapsed = 00:00:13 . Memory (MB): peak = 1456.785 ; gain = 839.590
---------------------------------------------------------------------------------
---------------------------------------------------------------------------------
Start Technology Mapping
---------------------------------------------------------------------------------
---------------------------------------------------------------------------------
Finished Technology Mapping : Time (s): cpu = 00:00:12 ; elapsed = 00:00:13 . Memory (MB): peak = 1456.785 ; gain = 839.590
---------------------------------------------------------------------------------
---------------------------------------------------------------------------------
Start IO Insertion
---------------------------------------------------------------------------------
---------------------------------------------------------------------------------
Start Flattening Before IO Insertion
---------------------------------------------------------------------------------
---------------------------------------------------------------------------------
Finished Flattening Before IO Insertion
---------------------------------------------------------------------------------
---------------------------------------------------------------------------------
Start Final Netlist Cleanup
---------------------------------------------------------------------------------
---------------------------------------------------------------------------------
Finished Final Netlist Cleanup
---------------------------------------------------------------------------------
---------------------------------------------------------------------------------
Finished IO Insertion : Time (s): cpu = 00:00:16 ; elapsed = 00:00:18 . Memory (MB): peak = 1674.066 ; gain = 1056.871
---------------------------------------------------------------------------------
---------------------------------------------------------------------------------
Start Renaming Generated Instances
---------------------------------------------------------------------------------
---------------------------------------------------------------------------------
Finished Renaming Generated Instances : Time (s): cpu = 00:00:16 ; elapsed = 00:00:18 . Memory (MB): peak = 1674.066 ; gain = 1056.871
---------------------------------------------------------------------------------
---------------------------------------------------------------------------------
Start Rebuilding User Hierarchy
---------------------------------------------------------------------------------
---------------------------------------------------------------------------------
Finished Rebuilding User Hierarchy : Time (s): cpu = 00:00:16 ; elapsed = 00:00:18 . Memory (MB): peak = 1674.066 ; gain = 1056.871
---------------------------------------------------------------------------------
---------------------------------------------------------------------------------
Start Renaming Generated Ports
---------------------------------------------------------------------------------
---------------------------------------------------------------------------------
Finished Renaming Generated Ports : Time (s): cpu = 00:00:16 ; elapsed = 00:00:18 . Memory (MB): peak = 1674.066 ; gain = 1056.871
---------------------------------------------------------------------------------
---------------------------------------------------------------------------------
Start Handling Custom Attributes
---------------------------------------------------------------------------------
---------------------------------------------------------------------------------
Finished Handling Custom Attributes : Time (s): cpu = 00:00:16 ; elapsed = 00:00:18 . Memory (MB): peak = 1674.066 ; gain = 1056.871
---------------------------------------------------------------------------------
---------------------------------------------------------------------------------
Start Renaming Generated Nets
---------------------------------------------------------------------------------
---------------------------------------------------------------------------------
Finished Renaming Generated Nets : Time (s): cpu = 00:00:16 ; elapsed = 00:00:18 . Memory (MB): peak = 1674.066 ; gain = 1056.871
---------------------------------------------------------------------------------
---------------------------------------------------------------------------------
Start Writing Synthesis Report
---------------------------------------------------------------------------------

Report BlackBoxes: 
+-+--------------+----------+
| |BlackBox name |Instances |
+-+--------------+----------+
+-+--------------+----------+

Report Cell Usage: 
+------+-----+------+
|      |Cell |Count |
+------+-----+------+
|1     |BUFG |     1|
|2     |LUT4 |     8|
|3     |LUT5 |    51|
|4     |LUT6 |    49|
|5     |LD   |    56|
|6     |IBUF |     9|
|7     |OBUF |    64|
+------+-----+------+

Report Instance Areas: 
+------+---------+-------+------+
|      |Instance |Module |Cells |
+------+---------+-------+------+
|1     |top      |       |   238|
+------+---------+-------+------+
---------------------------------------------------------------------------------
Finished Writing Synthesis Report : Time (s): cpu = 00:00:16 ; elapsed = 00:00:18 . Memory (MB): peak = 1674.066 ; gain = 1056.871
---------------------------------------------------------------------------------
Synthesis finished with 0 errors, 0 critical warnings and 3 warnings.
Synthesis Optimization Runtime : Time (s): cpu = 00:00:16 ; elapsed = 00:00:18 . Memory (MB): peak = 1674.066 ; gain = 1056.871
Synthesis Optimization Complete : Time (s): cpu = 00:00:16 ; elapsed = 00:00:18 . Memory (MB): peak = 1674.066 ; gain = 1056.871
INFO: [Project 1-571] Translating synthesized netlist
Netlist sorting complete. Time (s): cpu = 00:00:00 ; elapsed = 00:00:00.002 . Memory (MB): peak = 1689.199 ; gain = 0.000
INFO: [Netlist 29-17] Analyzing 56 Unisim elements for replacement
INFO: [Netlist 29-28] Unisim Transformation completed in 0 CPU seconds
INFO: [Project 1-570] Preparing netlist for logic optimization
INFO: [Opt 31-138] Pushed 0 inverter(s) to 0 load pin(s).
Netlist sorting complete. Time (s): cpu = 00:00:00 ; elapsed = 00:00:00 . Memory (MB): peak = 1809.895 ; gain = 0.000
INFO: [Project 1-111] Unisim Transformation Summary:
  A total of 56 instances were transformed.
  LD => LDCE: 56 instances

Synth Design complete | Checksum: ccaa671a
INFO: [Common 17-83] Releasing license: Synthesis
31 Infos, 3 Warnings, 0 Critical Warnings and 0 Errors encountered.
synth_design completed successfully
synth_design: Time (s): cpu = 00:00:18 ; elapsed = 00:00:21 . Memory (MB): peak = 1809.895 ; gain = 1199.738
Write ShapeDB Complete: Time (s): cpu = 00:00:00 ; elapsed = 00:00:00.002 . Memory (MB): peak = 1809.895 ; gain = 0.000
INFO: [Common 17-1381] The checkpoint 'D:/CACMONDAICUONG/HK251/DAN TKLL/FFT_Convolution/ROM_Twiddle_Factor/ROM_Twiddle_Factor/ROM_Twiddle_Factor.runs/synth_1/rom_twiddle_top.dcp' has been generated.
INFO: [Vivado 12-24828] Executing command : report_utilization -file rom_twiddle_top_utilization_synth.rpt -pb rom_twiddle_top_utilization_synth.pb
INFO: [Common 17-206] Exiting Vivado at Tue Nov 11 07:58:20 2025...
