#-----------------------------------------------------------
# Vivado v2025.1 (64-bit)
# SW Build 6140274 on Thu May 22 00:12:29 MDT 2025
# IP Build 6138677 on Thu May 22 03:10:11 MDT 2025
# SharedData Build 6139179 on Tue May 20 17:58:58 MDT 2025
# Start of session at: Tue Nov 11 07:57:43 2025
# Process ID         : 10600
# Current directory  : D:/CACMONDAICUONG/HK251/DAN TKLL/FFT_Convolution/ROM_Twiddle_Factor/ROM_Twiddle_Factor/ROM_Twiddle_Factor.runs/synth_1
# Command line       : vivado.exe -log rom_twiddle_top.vds -product Vivado -mode batch -messageDb vivado.pb -notrace -source rom_twiddle_top.tcl
# Log file           : D:/CACMONDAICUONG/HK251/DAN TKLL/FFT_Convolution/ROM_Twiddle_Factor/ROM_Twiddle_Factor/ROM_Twiddle_Factor.runs/synth_1/rom_twiddle_top.vds
# Journal file       : D:/CACMONDAICUONG/HK251/DAN TKLL/FFT_Convolution/ROM_Twiddle_Factor/ROM_Twiddle_Factor/ROM_Twiddle_Factor.runs/synth_1\vivado.jou
# Running On         : DESKTOP-A1762TJ
# Platform           : Windows Server 2016 or Windows 10
# Operating System   : 26200
# Processor Detail   : 11th Gen Intel(R) Core(TM) i7-11800H @ 2.30GHz
# CPU Frequency      : 2304 MHz
# CPU Physical cores : 8
# CPU Logical cores  : 16
# Host memory        : 16948 MB
# Swap memory        : 1476 MB
# Total Virtual      : 18424 MB
# Available Virtual  : 9532 MB
#-----------------------------------------------------------
source rom_twiddle_top.tcl -notrace
