Copyright 1986-2022 Xilinx, Inc. All Rights Reserved. Copyright 2022-2025 Advanced Micro Devices, Inc. All Rights Reserved.
-----------------------------------------------------------------------------------------------------------------------------------------------------------------------------------
| Tool Version : Vivado v.2025.1 (win64) Build 6140274 Thu May 22 00:12:29 MDT 2025
| Date         : Tue Nov 11 08:00:14 2025
| Host         : DESKTOP-A1762TJ running 64-bit major release  (build 9200)
| Command      : report_methodology -file rom_twiddle_top_methodology_drc_routed.rpt -pb rom_twiddle_top_methodology_drc_routed.pb -rpx rom_twiddle_top_methodology_drc_routed.rpx
| Design       : rom_twiddle_top
| Device       : xc7z020clg400-1
| Speed File   : -1
| Design State : Fully Routed
-----------------------------------------------------------------------------------------------------------------------------------------------------------------------------------

Report Methodology

Table of Contents
-----------------
1. REPORT SUMMARY
2. REPORT DETAILS

1. REPORT SUMMARY
-----------------
            Netlist: netlist
          Floorplan: design_1
      Design limits: <entire design considered>
             Max checks: <unlimited>
             Checks found: 57
+-----------+----------+--------------------------------+--------+
| Rule      | Severity | Description                    | Checks |
+-----------+----------+--------------------------------+--------+
| TIMING-20 | Warning  | Non-clocked latch              | 56     |
| LATCH-1   | Advisory | Existing latches in the design | 1      |
+-----------+----------+--------------------------------+--------+

2. REPORT DETAILS
-----------------
TIMING-20#1 Warning
Non-clocked latch  
The latch tw_factor_reg[0] cannot be properly analyzed as its control pin tw_factor_reg[0]/G is not reached by a timing clock
Related violations: <none>

TIMING-20#2 Warning
Non-clocked latch  
The latch tw_factor_reg[10] cannot be properly analyzed as its control pin tw_factor_reg[10]/G is not reached by a timing clock
Related violations: <none>

TIMING-20#3 Warning
Non-clocked latch  
The latch tw_factor_reg[11] cannot be properly analyzed as its control pin tw_factor_reg[11]/G is not reached by a timing clock
Related violations: <none>

TIMING-20#4 Warning
Non-clocked latch  
The latch tw_factor_reg[12] cannot be properly analyzed as its control pin tw_factor_reg[12]/G is not reached by a timing clock
Related violations: <none>

TIMING-20#5 Warning
Non-clocked latch  
The latch tw_factor_reg[13] cannot be properly analyzed as its control pin tw_factor_reg[13]/G is not reached by a timing clock
Related violations: <none>

TIMING-20#6 Warning
Non-clocked latch  
The latch tw_factor_reg[14] cannot be properly analyzed as its control pin tw_factor_reg[14]/G is not reached by a timing clock
Related violations: <none>

TIMING-20#7 Warning
Non-clocked latch  
The latch tw_factor_reg[15] cannot be properly analyzed as its control pin tw_factor_reg[15]/G is not reached by a timing clock
Related violations: <none>

TIMING-20#8 Warning
Non-clocked latch  
The latch tw_factor_reg[16] cannot be properly analyzed as its control pin tw_factor_reg[16]/G is not reached by a timing clock
Related violations: <none>

TIMING-20#9 Warning
Non-clocked latch  
The latch tw_factor_reg[17] cannot be properly analyzed as its control pin tw_factor_reg[17]/G is not reached by a timing clock
Related violations: <none>

TIMING-20#10 Warning
Non-clocked latch  
The latch tw_factor_reg[18] cannot be properly analyzed as its control pin tw_factor_reg[18]/G is not reached by a timing clock
Related violations: <none>

TIMING-20#11 Warning
Non-clocked latch  
The latch tw_factor_reg[19] cannot be properly analyzed as its control pin tw_factor_reg[19]/G is not reached by a timing clock
Related violations: <none>

TIMING-20#12 Warning
Non-clocked latch  
The latch tw_factor_reg[1] cannot be properly analyzed as its control pin tw_factor_reg[1]/G is not reached by a timing clock
Related violations: <none>

TIMING-20#13 Warning
Non-clocked latch  
The latch tw_factor_reg[20] cannot be properly analyzed as its control pin tw_factor_reg[20]/G is not reached by a timing clock
Related violations: <none>

TIMING-20#14 Warning
Non-clocked latch  
The latch tw_factor_reg[21] cannot be properly analyzed as its control pin tw_factor_reg[21]/G is not reached by a timing clock
Related violations: <none>

TIMING-20#15 Warning
Non-clocked latch  
The latch tw_factor_reg[22] cannot be properly analyzed as its control pin tw_factor_reg[22]/G is not reached by a timing clock
Related violations: <none>

TIMING-20#16 Warning
Non-clocked latch  
The latch tw_factor_reg[23] cannot be properly analyzed as its control pin tw_factor_reg[23]/G is not reached by a timing clock
Related violations: <none>

TIMING-20#17 Warning
Non-clocked latch  
The latch tw_factor_reg[24] cannot be properly analyzed as its control pin tw_factor_reg[24]/G is not reached by a timing clock
Related violations: <none>

TIMING-20#18 Warning
Non-clocked latch  
The latch tw_factor_reg[25] cannot be properly analyzed as its control pin tw_factor_reg[25]/G is not reached by a timing clock
Related violations: <none>

TIMING-20#19 Warning
Non-clocked latch  
The latch tw_factor_reg[29] cannot be properly analyzed as its control pin tw_factor_reg[29]/G is not reached by a timing clock
Related violations: <none>

TIMING-20#20 Warning
Non-clocked latch  
The latch tw_factor_reg[2] cannot be properly analyzed as its control pin tw_factor_reg[2]/G is not reached by a timing clock
Related violations: <none>

TIMING-20#21 Warning
Non-clocked latch  
The latch tw_factor_reg[31] cannot be properly analyzed as its control pin tw_factor_reg[31]/G is not reached by a timing clock
Related violations: <none>

TIMING-20#22 Warning
Non-clocked latch  
The latch tw_factor_reg[32] cannot be properly analyzed as its control pin tw_factor_reg[32]/G is not reached by a timing clock
Related violations: <none>

TIMING-20#23 Warning
Non-clocked latch  
The latch tw_factor_reg[33] cannot be properly analyzed as its control pin tw_factor_reg[33]/G is not reached by a timing clock
Related violations: <none>

TIMING-20#24 Warning
Non-clocked latch  
The latch tw_factor_reg[34] cannot be properly analyzed as its control pin tw_factor_reg[34]/G is not reached by a timing clock
Related violations: <none>

TIMING-20#25 Warning
Non-clocked latch  
The latch tw_factor_reg[35] cannot be properly analyzed as its control pin tw_factor_reg[35]/G is not reached by a timing clock
Related violations: <none>

TIMING-20#26 Warning
Non-clocked latch  
The latch tw_factor_reg[36] cannot be properly analyzed as its control pin tw_factor_reg[36]/G is not reached by a timing clock
Related violations: <none>

TIMING-20#27 Warning
Non-clocked latch  
The latch tw_factor_reg[37] cannot be properly analyzed as its control pin tw_factor_reg[37]/G is not reached by a timing clock
Related violations: <none>

TIMING-20#28 Warning
Non-clocked latch  
The latch tw_factor_reg[38] cannot be properly analyzed as its control pin tw_factor_reg[38]/G is not reached by a timing clock
Related violations: <none>

TIMING-20#29 Warning
Non-clocked latch  
The latch tw_factor_reg[39] cannot be properly analyzed as its control pin tw_factor_reg[39]/G is not reached by a timing clock
Related violations: <none>

TIMING-20#30 Warning
Non-clocked latch  
The latch tw_factor_reg[3] cannot be properly analyzed as its control pin tw_factor_reg[3]/G is not reached by a timing clock
Related violations: <none>

TIMING-20#31 Warning
Non-clocked latch  
The latch tw_factor_reg[40] cannot be properly analyzed as its control pin tw_factor_reg[40]/G is not reached by a timing clock
Related violations: <none>

TIMING-20#32 Warning
Non-clocked latch  
The latch tw_factor_reg[41] cannot be properly analyzed as its control pin tw_factor_reg[41]/G is not reached by a timing clock
Related violations: <none>

TIMING-20#33 Warning
Non-clocked latch  
The latch tw_factor_reg[42] cannot be properly analyzed as its control pin tw_factor_reg[42]/G is not reached by a timing clock
Related violations: <none>

TIMING-20#34 Warning
Non-clocked latch  
The latch tw_factor_reg[43] cannot be properly analyzed as its control pin tw_factor_reg[43]/G is not reached by a timing clock
Related violations: <none>

TIMING-20#35 Warning
Non-clocked latch  
The latch tw_factor_reg[44] cannot be properly analyzed as its control pin tw_factor_reg[44]/G is not reached by a timing clock
Related violations: <none>

TIMING-20#36 Warning
Non-clocked latch  
The latch tw_factor_reg[45] cannot be properly analyzed as its control pin tw_factor_reg[45]/G is not reached by a timing clock
Related violations: <none>

TIMING-20#37 Warning
Non-clocked latch  
The latch tw_factor_reg[46] cannot be properly analyzed as its control pin tw_factor_reg[46]/G is not reached by a timing clock
Related violations: <none>

TIMING-20#38 Warning
Non-clocked latch  
The latch tw_factor_reg[47] cannot be properly analyzed as its control pin tw_factor_reg[47]/G is not reached by a timing clock
Related violations: <none>

TIMING-20#39 Warning
Non-clocked latch  
The latch tw_factor_reg[48] cannot be properly analyzed as its control pin tw_factor_reg[48]/G is not reached by a timing clock
Related violations: <none>

TIMING-20#40 Warning
Non-clocked latch  
The latch tw_factor_reg[49] cannot be properly analyzed as its control pin tw_factor_reg[49]/G is not reached by a timing clock
Related violations: <none>

TIMING-20#41 Warning
Non-clocked latch  
The latch tw_factor_reg[4] cannot be properly analyzed as its control pin tw_factor_reg[4]/G is not reached by a timing clock
Related violations: <none>

TIMING-20#42 Warning
Non-clocked latch  
The latch tw_factor_reg[50] cannot be properly analyzed as its control pin tw_factor_reg[50]/G is not reached by a timing clock
Related violations: <none>

TIMING-20#43 Warning
Non-clocked latch  
The latch tw_factor_reg[51] cannot be properly analyzed as its control pin tw_factor_reg[51]/G is not reached by a timing clock
Related violations: <none>

TIMING-20#44 Warning
Non-clocked latch  
The latch tw_factor_reg[52] cannot be properly analyzed as its control pin tw_factor_reg[52]/G is not reached by a timing clock
Related violations: <none>

TIMING-20#45 Warning
Non-clocked latch  
The latch tw_factor_reg[53] cannot be properly analyzed as its control pin tw_factor_reg[53]/G is not reached by a timing clock
Related violations: <none>

TIMING-20#46 Warning
Non-clocked latch  
The latch tw_factor_reg[54] cannot be properly analyzed as its control pin tw_factor_reg[54]/G is not reached by a timing clock
Related violations: <none>

TIMING-20#47 Warning
Non-clocked latch  
The latch tw_factor_reg[55] cannot be properly analyzed as its control pin tw_factor_reg[55]/G is not reached by a timing clock
Related violations: <none>

TIMING-20#48 Warning
Non-clocked latch  
The latch tw_factor_reg[56] cannot be properly analyzed as its control pin tw_factor_reg[56]/G is not reached by a timing clock
Related violations: <none>

TIMING-20#49 Warning
Non-clocked latch  
The latch tw_factor_reg[57] cannot be properly analyzed as its control pin tw_factor_reg[57]/G is not reached by a timing clock
Related violations: <none>

TIMING-20#50 Warning
Non-clocked latch  
The latch tw_factor_reg[5] cannot be properly analyzed as its control pin tw_factor_reg[5]/G is not reached by a timing clock
Related violations: <none>

TIMING-20#51 Warning
Non-clocked latch  
The latch tw_factor_reg[61] cannot be properly analyzed as its control pin tw_factor_reg[61]/G is not reached by a timing clock
Related violations: <none>

TIMING-20#52 Warning
Non-clocked latch  
The latch tw_factor_reg[63] cannot be properly analyzed as its control pin tw_factor_reg[63]/G is not reached by a timing clock
Related violations: <none>

TIMING-20#53 Warning
Non-clocked latch  
The latch tw_factor_reg[6] cannot be properly analyzed as its control pin tw_factor_reg[6]/G is not reached by a timing clock
Related violations: <none>

TIMING-20#54 Warning
Non-clocked latch  
The latch tw_factor_reg[7] cannot be properly analyzed as its control pin tw_factor_reg[7]/G is not reached by a timing clock
Related violations: <none>

TIMING-20#55 Warning
Non-clocked latch  
The latch tw_factor_reg[8] cannot be properly analyzed as its control pin tw_factor_reg[8]/G is not reached by a timing clock
Related violations: <none>

TIMING-20#56 Warning
Non-clocked latch  
The latch tw_factor_reg[9] cannot be properly analyzed as its control pin tw_factor_reg[9]/G is not reached by a timing clock
Related violations: <none>

LATCH-1#1 Advisory
Existing latches in the design  
There are 56 latches found in the design. Inferred latches are often the result of HDL coding mistakes, such as incomplete if or case statements.
Related violations: <none>


